// Jest Snapshot v1, https://goo.gl/fbAQLP

exports[`CCWIRE golden — recorded on the untouched files (390 × 844 iOS) (a) Code Check result sheet, two citations, no linked job 1`] = `
{
  "lines": 1064,
  "sha256": "3eec88fab396f67685b5eec6bab68ad9853f9f8916c1af949ea1efb7a57f222a",
}
`;

exports[`CCWIRE golden — recorded on the untouched files (390 × 844 iOS) (b) Ask, prose answer, no requirements (the fallback) 1`] = `
{
  "lines": 851,
  "sha256": "d585838e7c250f90e4ff5a0062d9ec0d6a30c970f480c6cccd6521220e4344d0",
}
`;

exports[`CCWIRE golden — recorded on the untouched files (390 × 844 iOS) (c) Plan Review, three saved findings on one sheet 1`] = `
{
  "lines": 724,
  "sha256": "b6917db2b43e4ac5aeddc6393a5dc45fec104dfedb4ecbdbbba8b64f66f2d36a",
}
`;

exports[`CCWIRE golden — recorded on the untouched files (390 × 844 iOS) (d) Inspection Ready sheet, no pinned code cards 1`] = `
{
  "lines": 68,
  "sha256": "b4322e9bd422d73777b812e881d89d1a74034b1500242681085a15ed733be3aa",
}
`;
