// Jest Snapshot v1, https://goo.gl/fbAQLP

exports[`CCWIRE sweep golden — recorded on the untouched panel (s1) the panel as it mounts 1`] = `
{
  "lines": 43,
  "sha256": "31b1b217d068992dd8ca8cb2dbadd0e32377e9d402b7b12da92385d11a06252b",
}
`;

exports[`CCWIRE sweep golden — recorded on the untouched panel (s2) after Find the sheets, before any review 1`] = `
{
  "lines": 88,
  "sha256": "90b9b33fb11586ad8a0bacb23d6a4d108067e1d7e117fb8f863e289ac88872a4",
}
`;

exports[`CCWIRE sweep golden — recorded on the untouched panel (s3) after the review, two findings per sheet (old server shape) 1`] = `
{
  "lines": 290,
  "sha256": "0f6dbc7242cd2ecfdf4fa3c3a502d6b14ff7a82b050107f4456eccc2428969a2",
}
`;

exports[`CCWIRE sweep golden — recorded on the untouched panel (s4) after a review that raised nothing 1`] = `
{
  "lines": 110,
  "sha256": "a83e386adb159360d5f6c0c7598e771d77b768b91cac98aa3f189fedb199e551",
}
`;
