// Jest Snapshot v1, https://goo.gl/fbAQLP

exports[`lane G — the phone is unchanged (golden, 390 × 844 iOS) change-order (a record) 1`] = `
{
  "lines": 1394,
  "sha256": "b783ee5afb858cc9d58884de2dd2426514fecc68a3ac77be7e7f197782f94d64",
}
`;

exports[`lane G — the phone is unchanged (golden, 390 × 844 iOS) change-order (project only) 1`] = `
{
  "lines": 1019,
  "sha256": "622192d21ce0de263b1ad94dcb86db2615350b838b02e1a5cf6f3ca81bf80d26",
}
`;

exports[`lane G — the phone is unchanged (golden, 390 × 844 iOS) invoice (a record) 1`] = `
{
  "lines": 1011,
  "sha256": "c95c0c7538210101771f5e5ac205b03960b9bf4d662cde4481973bf05e0dbee6",
}
`;

exports[`lane G — the phone is unchanged (golden, 390 × 844 iOS) invoice (project only) 1`] = `
{
  "lines": 1021,
  "sha256": "e80d2e711ffeede4763a97eb60699b047f84add0df26b91454af45a6a74288fe",
}
`;

exports[`lane G — the phone is unchanged (golden, 390 × 844 iOS) invoice (the tutorial route, type=progress) 1`] = `
{
  "lines": 1032,
  "sha256": "45c0d43680373cece4a952a368011cede9cf40dd8d9b1ef21e3c9b15960973ab",
}
`;

exports[`lane G — the phone is unchanged (golden, 390 × 844 iOS) rfi (a record) 1`] = `
{
  "lines": 859,
  "sha256": "3c35e724e8784c8125eb2b32a8c082c054c3409d6aa09f8b99c9da5e9bc8d25d",
}
`;

exports[`lane G — the phone is unchanged (golden, 390 × 844 iOS) rfi (project only: the create form) 1`] = `
{
  "lines": 742,
  "sha256": "f5dd879270edd322629d9afb3be6e3b90fb0f4eb72e3d8cecc12d696ff8cff7e",
}
`;

exports[`lane G — the phone is unchanged (golden, 390 × 844 iOS) submittal (a record) 1`] = `
{
  "lines": 803,
  "sha256": "f49bbb3276a7ad4a562151db7610ccde38ef92c716fb4b4d697dbd2665b1144f",
}
`;

exports[`lane G — the phone is unchanged (golden, 390 × 844 iOS) submittal (project only) 1`] = `
{
  "lines": 722,
  "sha256": "d516823423d3c819c9d57a08affc509846e3b7734787c118f6db3f270d279a47",
}
`;

exports[`lane G — the phone is unchanged, bar branches (golden, 390 × 844 iOS) change-order (approved credit: the bill bar says why) 1`] = `
{
  "lines": 983,
  "sha256": "5eaeddb60ea2a1d2fa7f432b2788d98f6177b6b94a785471d9148e7e3237b1b9",
}
`;

exports[`lane G — the phone is unchanged, bar branches (golden, 390 × 844 iOS) change-order (approved, billable: the bill bar) 1`] = `
{
  "lines": 984,
  "sha256": "2b0094435350ea70efa633a3e4cd6669ec7a55789030bf5f76539d50b29fb271",
}
`;

exports[`lane G — the phone is unchanged, bar branches (golden, 390 × 844 iOS) change-order (rejected: locked, no bar) 1`] = `
{
  "lines": 989,
  "sha256": "76b75660d2a505442e8370088dfecd35a2d4c064a930663397ca22b435e4c194",
}
`;

exports[`lane G — the phone is unchanged, bar branches (golden, 390 × 844 iOS) invoice (sent: reminder and pay link) 1`] = `
{
  "lines": 1006,
  "sha256": "3184a1a5e44557575cb25ea32018e04291d4fab7b2c2f2438b4673052638d1e3",
}
`;
