// Jest Snapshot v1, https://goo.gl/fbAQLP

exports[`insurance audit pack states the payments against the certificates (golden) 1`] = `
{
  "a": [
    "Acme Framing",
    "$20,000.00",
    "$8,000.00",
    " paid with no workers' comp certificate covering the date",
    "Mar 2, <Y>",
    " · ",
    "$12,000.00",
    " · ",
    "Sub-portal invoice",
    " A-101",
    "WC: Certificate spans this date",
    "GL: Certificate spans this date",
    "WC on file: ",
    "Harbor Mutual, policy WC-12, <Y>-01-01 to <Y>-06-30",
    "project unknown — only certificates not tied to one job were checked",
    "Jul 15, <Y>",
    " · ",
    "$8,000.00",
    " · ",
    "Sub-portal invoice",
    " A-102",
    "WC: Not covered on this date",
    "GL: Certificate spans this date",
    "WC on file: ",
    "Harbor Mutual, policy WC-12, <Y>-01-01 to <Y>-06-30",
    "project unknown — only certificates not tied to one job were checked",
    "Ask for the certificate",
  ],
  "b": [
    "Bolt Electric",
    "$5,000.50",
    "$5,000.50",
    " paid with no workers' comp certificate covering the date",
    "Apr 2, <Y>",
    " · ",
    "$5,000.50",
    " · ",
    "Sub-portal invoice",
    " B-1",
    "WC: No certificate on file",
    "GL: No certificate on file",
    "project unknown — only certificates not tied to one job were checked",
    "Ask for the certificate",
  ],
  "summary": [
    "Calendar year <Y>: $25,000.50 paid to 2 subs. $13,000.50 went to 2 subs with no workers' comp certificate covering the payment date.",
    "$25,000.50",
    "Paid in period",
    "$13,000.50",
    "No WC certificate on the date",
    "$0",
    "Can't tell from the records",
    "Reads sub-portal invoices marked paid and bills you recorded against a subcontract. A check, ACH or cash payment with no record in MAGE is not here.",
    "Workers' comp exemptions (e.g. a sole proprietor with no employees) are not tracked in MAGE — a sub marked not covered may hold an exemption certificate. Confirm with your carrier or auditor.",
  ],
}
`;
