// Jest Snapshot v1, https://goo.gl/fbAQLP

exports[`The Level — project health golden: reading, partial and no data 1`] = `
<RNCSafeAreaProvider
  onInsetsChange={[Function]}
  style={
    [
      {
        "flex": 1,
      },
      undefined,
    ]
  }
>
  <View>
    <View
      accessibilityHint="Shows the reasons"
      accessibilityLabel="Schedule: 6 working days behind. Margin risk: elevated."
      accessibilityRole="button"
      accessibilityState={
        {
          "busy": undefined,
          "checked": undefined,
          "disabled": undefined,
          "expanded": undefined,
          "selected": undefined,
        }
      }
      accessibilityValue={
        {
          "max": undefined,
          "min": undefined,
          "now": undefined,
          "text": undefined,
        }
      }
      accessible={true}
      collapsable={false}
      focusable={true}
      hitSlop={8}
      onBlur={[Function]}
      onClick={[Function]}
      onFocus={[Function]}
      onResponderGrant={[Function]}
      onResponderMove={[Function]}
      onResponderRelease={[Function]}
      onResponderTerminate={[Function]}
      onResponderTerminationRequest={[Function]}
      onStartShouldSetResponder={[Function]}
      style={
        [
          {
            "alignItems": "center",
            "flexDirection": "row",
            "gap": 6,
            "minHeight": 20,
          },
          false,
        ]
      }
      testID="joblevel-p-reading"
    >
      <View
        accessibilityElementsHidden={true}
        importantForAccessibility="no-hide-descendants"
        pointerEvents="none"
        style={
          {
            "height": 7.5,
            "width": 40,
          }
        }
        testID="joblevel-p-reading-vial"
      >
        <View
          style={
            {
              "backgroundColor": "rgba(43,48,56,0.72)",
              "borderRadius": 1,
              "height": 7.5,
              "left": 0,
              "position": "absolute",
              "top": 0,
              "width": 1.5,
            }
          }
        />
        <View
          style={
            {
              "backgroundColor": "rgba(43,48,56,0.72)",
              "borderRadius": 1,
              "height": 7.5,
              "left": 38.5,
              "position": "absolute",
              "top": 0,
              "width": 1.5,
            }
          }
        />
        <View
          style={
            {
              "backgroundColor": "#C84038",
              "borderRadius": 1,
              "height": 1.5,
              "left": 1.5,
              "opacity": 0.25,
              "position": "absolute",
              "top": 3,
              "width": 37,
            }
          }
        />
        <View
          collapsable={false}
          style={
            {
              "backgroundColor": "#C84038",
              "borderRadius": 2.5,
              "height": 5,
              "left": 14.5,
              "position": "absolute",
              "top": 1,
              "transform": [
                {
                  "translateX": 5.485714285714285,
                },
              ],
              "width": 10.5,
            }
          }
          testID="joblevel-p-reading-vial-bubble"
        />
      </View>
    </View>
    <View
      accessibilityHint="Shows the reasons"
      accessibilityLabel="Schedule: no slip reading. Margin risk: low."
      accessibilityRole="button"
      accessibilityState={
        {
          "busy": undefined,
          "checked": undefined,
          "disabled": undefined,
          "expanded": undefined,
          "selected": undefined,
        }
      }
      accessibilityValue={
        {
          "max": undefined,
          "min": undefined,
          "now": undefined,
          "text": undefined,
        }
      }
      accessible={true}
      collapsable={false}
      focusable={true}
      hitSlop={8}
      onBlur={[Function]}
      onClick={[Function]}
      onFocus={[Function]}
      onResponderGrant={[Function]}
      onResponderMove={[Function]}
      onResponderRelease={[Function]}
      onResponderTerminate={[Function]}
      onResponderTerminationRequest={[Function]}
      onStartShouldSetResponder={[Function]}
      style={
        [
          {
            "alignItems": "center",
            "flexDirection": "row",
            "gap": 6,
            "minHeight": 20,
          },
          false,
        ]
      }
      testID="joblevel-p-partial"
    >
      <View
        accessibilityElementsHidden={true}
        importantForAccessibility="no-hide-descendants"
        pointerEvents="none"
        style={
          {
            "height": 7.5,
            "width": 40,
          }
        }
        testID="joblevel-p-partial-vial"
      >
        <View
          style={
            {
              "backgroundColor": "rgba(43,48,56,0.72)",
              "borderRadius": 1,
              "height": 7.5,
              "left": 0,
              "position": "absolute",
              "top": 0,
              "width": 1.5,
            }
          }
        />
        <View
          style={
            {
              "backgroundColor": "rgba(43,48,56,0.72)",
              "borderRadius": 1,
              "height": 7.5,
              "left": 38.5,
              "position": "absolute",
              "top": 0,
              "width": 1.5,
            }
          }
        />
        <View
          style={
            {
              "backgroundColor": "#2F6B3A",
              "borderRadius": 1,
              "height": 1.5,
              "left": 1.5,
              "opacity": 0.25,
              "position": "absolute",
              "top": 3,
              "width": 37,
            }
          }
        />
        <View
          collapsable={false}
          style={
            {
              "backgroundColor": "transparent",
              "borderColor": "#2F6B3A",
              "borderRadius": 2.5,
              "borderWidth": 1.5,
              "height": 5,
              "left": 14.5,
              "position": "absolute",
              "top": 1,
              "transform": [
                {
                  "translateX": 0,
                },
              ],
              "width": 10.5,
            }
          }
          testID="joblevel-p-partial-vial-bubble"
        />
      </View>
      <Text
        numberOfLines={1}
        style={
          [
            {
              "fontSize": 11,
              "fontWeight": "400",
              "lineHeight": 13,
            },
            {
              "color": "rgba(43,48,56,0.78)",
            },
          ]
        }
        testID="joblevel-p-partial-label"
      >
        No slip reading · Margin risk: low
      </Text>
    </View>
    <View
      accessibilityHint="Shows the reasons"
      accessibilityLabel="Project health: not enough data yet."
      accessibilityRole="button"
      accessibilityState={
        {
          "busy": undefined,
          "checked": undefined,
          "disabled": undefined,
          "expanded": undefined,
          "selected": undefined,
        }
      }
      accessibilityValue={
        {
          "max": undefined,
          "min": undefined,
          "now": undefined,
          "text": undefined,
        }
      }
      accessible={true}
      collapsable={false}
      focusable={true}
      hitSlop={8}
      onBlur={[Function]}
      onClick={[Function]}
      onFocus={[Function]}
      onResponderGrant={[Function]}
      onResponderMove={[Function]}
      onResponderRelease={[Function]}
      onResponderTerminate={[Function]}
      onResponderTerminationRequest={[Function]}
      onStartShouldSetResponder={[Function]}
      style={
        [
          {
            "alignItems": "center",
            "flexDirection": "row",
            "gap": 6,
            "minHeight": 20,
          },
          false,
        ]
      }
      testID="joblevel-p-none"
    >
      <View
        accessibilityElementsHidden={true}
        importantForAccessibility="no-hide-descendants"
        pointerEvents="none"
        style={
          {
            "height": 7.5,
            "width": 40,
          }
        }
        testID="joblevel-p-none-vial"
      >
        <View
          style={
            {
              "backgroundColor": "rgba(43,48,56,0.72)",
              "borderRadius": 1,
              "height": 7.5,
              "left": 0,
              "position": "absolute",
              "top": 0,
              "width": 1.5,
            }
          }
        />
        <View
          style={
            {
              "backgroundColor": "rgba(43,48,56,0.72)",
              "borderRadius": 1,
              "height": 7.5,
              "left": 38.5,
              "position": "absolute",
              "top": 0,
              "width": 1.5,
            }
          }
        />
        <View
          style={
            {
              "backgroundColor": "rgba(43,48,56,0.72)",
              "borderRadius": 1,
              "height": 1.5,
              "left": 1.5,
              "opacity": 0.25,
              "position": "absolute",
              "top": 3,
              "width": 37,
            }
          }
        />
        <View
          collapsable={false}
          style={
            {
              "backgroundColor": "transparent",
              "borderColor": "rgba(43,48,56,0.72)",
              "borderRadius": 2.5,
              "borderWidth": 1.5,
              "height": 5,
              "left": 14.5,
              "position": "absolute",
              "top": 1,
              "transform": [
                {
                  "translateX": 0,
                },
              ],
              "width": 10.5,
            }
          }
          testID="joblevel-p-none-vial-bubble"
        />
      </View>
      <Text
        numberOfLines={1}
        style={
          [
            {
              "fontSize": 11,
              "fontWeight": "400",
              "lineHeight": 13,
            },
            {
              "color": "rgba(43,48,56,0.72)",
            },
          ]
        }
        testID="joblevel-p-none-label"
      >
        Not enough data yet
      </Text>
    </View>
    <View
      accessibilityHint="Shows the reasons"
      accessibilityLabel="Schedule: 6 working days behind. Margin risk: elevated."
      accessibilityRole="button"
      accessibilityState={
        {
          "busy": undefined,
          "checked": undefined,
          "disabled": undefined,
          "expanded": undefined,
          "selected": undefined,
        }
      }
      accessibilityValue={
        {
          "max": undefined,
          "min": undefined,
          "now": undefined,
          "text": undefined,
        }
      }
      accessible={true}
      collapsable={false}
      focusable={true}
      hitSlop={8}
      onBlur={[Function]}
      onClick={[Function]}
      onFocus={[Function]}
      onResponderGrant={[Function]}
      onResponderMove={[Function]}
      onResponderRelease={[Function]}
      onResponderTerminate={[Function]}
      onResponderTerminationRequest={[Function]}
      onStartShouldSetResponder={[Function]}
      style={
        [
          {
            "alignItems": "center",
            "flexDirection": "row",
            "gap": 6,
            "minHeight": 20,
          },
          {
            "flexDirection": "column",
            "gap": 8,
          },
        ]
      }
      testID="joblevel-p-detail"
    >
      <View
        accessibilityElementsHidden={true}
        importantForAccessibility="no-hide-descendants"
        pointerEvents="none"
        style={
          {
            "height": 10,
            "width": 120,
          }
        }
        testID="joblevel-p-detail-vial"
      >
        <View
          style={
            {
              "backgroundColor": "rgba(43,48,56,0.72)",
              "borderRadius": 1,
              "height": 10,
              "left": 0,
              "position": "absolute",
              "top": 0,
              "width": 2,
            }
          }
        />
        <View
          style={
            {
              "backgroundColor": "rgba(43,48,56,0.72)",
              "borderRadius": 1,
              "height": 10,
              "left": 118,
              "position": "absolute",
              "top": 0,
              "width": 2,
            }
          }
        />
        <View
          style={
            {
              "backgroundColor": "#C84038",
              "borderRadius": 1,
              "height": 2,
              "left": 2,
              "opacity": 0.25,
              "position": "absolute",
              "top": 4,
              "width": 116,
            }
          }
        />
        <View
          style={
            {
              "backgroundColor": "rgba(43,48,56,0.72)",
              "borderRadius": 0.5,
              "height": 6,
              "left": 49,
              "opacity": 0.55,
              "position": "absolute",
              "top": 2,
              "width": 1,
            }
          }
        />
        <View
          style={
            {
              "backgroundColor": "rgba(43,48,56,0.72)",
              "borderRadius": 0.5,
              "height": 6,
              "left": 70,
              "opacity": 0.55,
              "position": "absolute",
              "top": 2,
              "width": 1,
            }
          }
        />
        <View
          collapsable={false}
          style={
            {
              "backgroundColor": "#C84038",
              "borderRadius": 3.5,
              "height": 7,
              "left": 51,
              "position": "absolute",
              "top": 1.5,
              "transform": [
                {
                  "translateX": 16.8,
                },
              ],
              "width": 18,
            }
          }
          testID="joblevel-p-detail-vial-bubble"
        />
      </View>
      <Text
        numberOfLines={1}
        style={
          [
            {
              "fontSize": 13,
              "fontWeight": "400",
              "lineHeight": 18,
            },
            {
              "color": "rgba(43,48,56,0.78)",
            },
          ]
        }
        testID="joblevel-p-detail-label"
      >
        6 working days behind · Margin risk: elevated
      </Text>
    </View>
  </View>
</RNCSafeAreaProvider>
`;
