// Jest Snapshot v1, https://goo.gl/fbAQLP

exports[`PORTALFIX golden — the phone (390 x 844 iOS) (a) /client-portal-setup, the fixture job (portal on, key present, no passcode) 1`] = `
{
  "lines": 844,
  "sha256": "4e3c633e41f1987db713d68b038deec6251af60b95a4bb85f9b7c72d5d620c57",
}
`;

exports[`PORTALFIX golden — the phone (390 x 844 iOS) (b) /client-portal-setup, passcode on with one invitee 1`] = `
{
  "lines": 885,
  "sha256": "859f99cd960a5455fac506852fc84e2004d624178963943e1f9f58a67cb03e36",
}
`;

exports[`PORTALFIX golden — the phone (390 x 844 iOS) (c) /client-portal-setup, a Sample project with a portal on 1`] = `
{
  "lines": 833,
  "sha256": "d16b22b2fbcd6a50abe6934bf1b925f12fbabc418022b5e1ee429324d99d3ac7",
}
`;

exports[`PORTALFIX golden — the phone (390 x 844 iOS) (d) /client-portal-setup, a job whose portal was never saved 1`] = `
{
  "lines": 827,
  "sha256": "c76f1caced5275edf132df38e055d8d60d9d1f5caaa03c8bf9e68bfc14a3ef63",
}
`;
