// Jest Snapshot v1, https://goo.gl/fbAQLP

exports[`PORTALFIX golden — the phone (390 x 844 iOS) (a) /client-portal-setup, the fixture job (portal on, key present, no passcode) 1`] = `
{
  "lines": 844,
  "sha256": "7267a24c28e95f2808448fcb3a7f276b910f1bc3a180403c439d61215c0afe45",
}
`;

exports[`PORTALFIX golden — the phone (390 x 844 iOS) (b) /client-portal-setup, passcode on with one invitee 1`] = `
{
  "lines": 885,
  "sha256": "ca3ca980fba09ef255122c9f3faf32363780df56194e5398af01328e54f40a7b",
}
`;

exports[`PORTALFIX golden — the phone (390 x 844 iOS) (c) /client-portal-setup, a Sample project with a portal on 1`] = `
{
  "lines": 833,
  "sha256": "8990e60934f10aa2c6c80ab4b1fcae2554bbfa677987594651726bab2096a90f",
}
`;

exports[`PORTALFIX golden — the phone (390 x 844 iOS) (d) /client-portal-setup, a job whose portal was never saved 1`] = `
{
  "lines": 827,
  "sha256": "5a2d0c8839ee376f4f50a1d5db53b3684bd4dce3c69ada01df67869694a80979",
}
`;
