// Jest Snapshot v1, https://goo.gl/fbAQLP

exports[`slick3 front door golden — /login and /signup at rest (a) /login phone 390 × 844 iOS 1`] = `
{
  "lines": 361,
  "sha256": "7491b4d14b7e48a1ed351b77324aeb08a8f7f68c2b93e2500ced7bae4f4dc302",
}
`;

exports[`slick3 front door golden — /login and /signup at rest (b) /signup phone 390 × 844 iOS 1`] = `
{
  "lines": 448,
  "sha256": "8e75e33cd65519ef380acf5f1dc059559eb34570e1625627d140765d7c6515ac",
}
`;

exports[`slick3 front door golden — /login and /signup at rest (c) /login desktop 1280 × 800 (desktop-web layout forced) 1`] = `
{
  "lines": 364,
  "sha256": "0ea085987ae35f5ec85bdbb05feb198dd1f4476febabcd44d43e9b650f5ab8ef",
}
`;

exports[`slick3 front door golden — /login and /signup at rest (d) /signup desktop 1280 × 800 (desktop-web layout forced) 1`] = `
{
  "lines": 451,
  "sha256": "b3917a36f3214ae9581838926d665f74743a33bbb461574cd12246a582fc75e5",
}
`;
