// Jest Snapshot v1, https://goo.gl/fbAQLP

exports[`slick-3 first run golden (390 × 844 iOS) (a) persona-select, no role yet 1`] = `
{
  "lines": 399,
  "sha256": "d8b3290962b315ee8175174e19e8e8e99afb3d3a491be27b3f18921ffb5af41c",
}
`;

exports[`slick-3 first run golden (390 × 844 iOS) (b) onboarding, the splash step 1`] = `
{
  "lines": 535,
  "sha256": "0dd50fc656753333d5e437217ddd151dcbbb2dab1a1cd762aa2ba8ee7ceb1b41",
}
`;
