// Jest Snapshot v1, https://goo.gl/fbAQLP

exports[`slick3 front door golden — /login and /signup at rest (a) /login phone 390 × 844 iOS 1`] = `
{
  "lines": 467,
  "sha256": "921684e98748bb5a0f0c597e1d48f05bf44f517b14c02a7a054e07f27ca7c21d",
}
`;

exports[`slick3 front door golden — /login and /signup at rest (b) /signup phone 390 × 844 iOS 1`] = `
{
  "lines": 562,
  "sha256": "b8859a062bd432ecd735d0ee7cf0d6e867595096aabf6c8cdd686e6c6cb613ca",
}
`;

exports[`slick3 front door golden — /login and /signup at rest (c) /login desktop 1280 × 800 (desktop-web layout forced) 1`] = `
{
  "lines": 574,
  "sha256": "a09f0db8a92c55fbcd3800e6163dc22e8dd3fdbb7992794075b9a2759a7f7a8e",
}
`;

exports[`slick3 front door golden — /login and /signup at rest (d) /signup desktop 1280 × 800 (desktop-web layout forced) 1`] = `
{
  "lines": 669,
  "sha256": "f17ccd043738ebfa38bd3a2a51a75c97495a94c1045493666e1c29b8fdec6b6f",
}
`;
