// Jest Snapshot v1, https://goo.gl/fbAQLP

exports[`slick3 front door golden — /login and /signup at rest (a) /login phone 390 × 844 iOS 1`] = `
{
  "lines": 361,
  "sha256": "25984e7e6897395331ece098b4cdd3bc5c4d629cde04cc9b35f40a2ff5de5c6f",
}
`;

exports[`slick3 front door golden — /login and /signup at rest (b) /signup phone 390 × 844 iOS 1`] = `
{
  "lines": 448,
  "sha256": "91a1e5bb1a9221ba80de7cbb10a197f9a2d1bdd3111684058407a304b039abb0",
}
`;

exports[`slick3 front door golden — /login and /signup at rest (c) /login desktop 1280 × 800 (desktop-web layout forced) 1`] = `
{
  "lines": 363,
  "sha256": "ed4dfc3832bbfcd4977d081422437bc91262c29c145c86e38db30dfa9ee25177",
}
`;

exports[`slick3 front door golden — /login and /signup at rest (d) /signup desktop 1280 × 800 (desktop-web layout forced) 1`] = `
{
  "lines": 450,
  "sha256": "9ebcb10e150ab95316d9c643428467b68239e553b88191c7ebb214384bee5502",
}
`;
