// Jest Snapshot v1, https://goo.gl/fbAQLP

exports[`Lane C golden — the phone (390 × 844 iOS) (a) /contract for the fixture job (no invitee email on file) 1`] = `
{
  "lines": 932,
  "sha256": "88def4c7bf798dc9c06a9d4e18540a8c08786576bdf60e530b7b5ea050bfe3fe",
}
`;

exports[`Lane C golden — the phone (390 × 844 iOS) (b) /change-order, a new CO on the fixture job 1`] = `
{
  "lines": 1023,
  "sha256": "e73028c097478db7ad66889c440b0dc3cd76a84cdcdbfbe13dfe20c38ab03caf",
}
`;

exports[`Lane C golden — the phone (390 × 844 iOS) (c) /estimate-wizard for a job that already has an estimate 1`] = `
{
  "lines": 434,
  "sha256": "69c1ad1a8d960c5dd9df03b14693151a1a1529596192d582997ca823fd4defe2",
}
`;

exports[`Lane C golden — the phone (390 × 844 iOS) (d) /smart-proposal for the fixture job 1`] = `
{
  "lines": 626,
  "sha256": "987a9430f21b0e4ed4af65557a10b89fbc5a6fed943b19a04a9c8656d94e39ea",
}
`;

exports[`Lane C golden — the phone (390 × 844 iOS) (e) /quick-quote 1`] = `
{
  "lines": 435,
  "sha256": "eb734a302ec9b3fee48a0640579270d1dc114b85179b17cfdf1c2a84a4399bcb",
}
`;

exports[`Lane C golden — the phone (390 × 844 iOS) (f) /invoice, an overdue sent invoice 1`] = `
{
  "lines": 993,
  "sha256": "82d3a583bdda9dc9e6f4d002fe75c80f0645a7cbb4397618bf76e14efdb9df2c",
}
`;

exports[`Lane C golden — the phone (390 × 844 iOS) (g) /invoice, a paid invoice 1`] = `
{
  "lines": 928,
  "sha256": "2d6bc267e7eae87e74aaf3a0af2b97addb582fec9893cd07a84affd5ed136a9a",
}
`;

exports[`Lane C golden — the phone (390 × 844 iOS) (h) /invoice, a new invoice on the fixture job 1`] = `
{
  "lines": 1025,
  "sha256": "bc95aaa7001a3fe76483a34f258b5bace6fc706d14770bb861312f0c11cc3bee",
}
`;

exports[`Lane C golden — the phone (390 × 844 iOS) (i) /payments with two overdue invoices 1`] = `
{
  "lines": 493,
  "sha256": "38caf3a4fa84c5254e6dab22b5dc3552a19b501882722b20bb4df79e696c2804",
}
`;

exports[`Lane C golden — the phone (390 × 844 iOS) (j) /lien-waivers for the fixture job 1`] = `
{
  "lines": 471,
  "sha256": "2bd5afef09dc050874b319573bfbc8b5778472e43930f28b7491058bdb3ddd83",
}
`;

exports[`Lane C golden — the phone (390 × 844 iOS) (k) /sub-portal-setup for a sub on the fixture job 1`] = `
{
  "lines": 490,
  "sha256": "a8c6e64e5f807dd9ee73832612502d16ed811d5265e4f10e3080fcd51303cff7",
}
`;

exports[`Lane C golden — the phone (390 × 844 iOS) (l) /takeoff-estimate for the fixture job 1`] = `
{
  "lines": 347,
  "sha256": "3f28a5ed457cde0341bcb895bd8031c8e0f841df8186edee20b5b72625823911",
}
`;
