// Jest Snapshot v1, https://goo.gl/fbAQLP

exports[`lane DC — Summary on the phone (golden, 390 × 844 iOS) /(tabs)/summary, the fixture world 1`] = `
{
  "lines": 776,
  "sha256": "65f3a2a2a28182f8d4d41e32891134ca24bc130b1fb61e13bb07aeae4990e0e8",
}
`;

exports[`lane DC — Summary on the phone (golden, 390 × 844 iOS) /(tabs)/summary, with a job on site today 1`] = `
{
  "lines": 860,
  "sha256": "5e225f7c607c4ea08f4eeac92c533459f0ab453a0e2d0ae67c1dfbb7fb8f90d5",
}
`;
