// Jest Snapshot v1, https://goo.gl/fbAQLP

exports[`lane F — /attention on the phone (390 iOS) /attention, empty world — the rail's all-clear, scoped 1`] = `
{
  "lines": 478,
  "sha256": "bac7ffd7fb171ad37a74e15b922253aab3c61148b3ca8b508a3427882d8e59b4",
}
`;

exports[`lane F — /attention on the phone (390 iOS) /attention, populated world 1`] = `
{
  "lines": 502,
  "sha256": "bdd036bfa91978a3ed8bd660321e6216603de571559caac6286c3b99be5fd28f",
}
`;

exports[`lane F — the phone Home is unchanged (golden, 390 × 844 iOS) Home, six jobs (the stage chips render) 1`] = `
{
  "lines": 2089,
  "sha256": "7ef9de06d1c5bfd689f3ccc981d0fe38e8e72f815cce4d167ab25c30294a1583",
}
`;

exports[`lane F — the phone Home is unchanged (golden, 390 × 844 iOS) Home, six jobs on site today (Today on site: four rows and "+2 more") 1`] = `
{
  "lines": 2505,
  "sha256": "1ab491699421fbbca6a8457a103f8ac4365e299cdd7c9152644360dd31679457",
}
`;

exports[`lane F — the phone Home is unchanged (golden, 390 × 844 iOS) Home, six jobs, a chip tapped (Closed / Closeout bucket) 1`] = `
{
  "lines": 2033,
  "sha256": "109c377f16dc09cd099e08a24cc8854eea2c70146e07de27fb2b03389db60888",
}
`;

exports[`lane F — the phone Home is unchanged (golden, 390 × 844 iOS) Home, the fixture world (one job on site) 1`] = `
{
  "lines": 2000,
  "sha256": "f929328eaf952592b5d57db64f244ddd86a95a69d286733225fc2903f0339063",
}
`;

exports[`lane F — the tablet Home keeps the ProjectRow table (golden, 820 iOS) Home, six jobs, tablet 1`] = `
{
  "lines": 2083,
  "sha256": "94aec520ed5aa30daaee7bbd26e31f66d2866c2d2688f7d2aeccb2bc0aa11872",
}
`;
