// Jest Snapshot v1, https://goo.gl/fbAQLP

exports[`lane DC — Summary on the phone (golden, 390 × 844 iOS) /(tabs)/summary, the fixture world 1`] = `
{
  "lines": 752,
  "sha256": "2808acf113e741a6c3e2cf2a99a861aabdc63f95dd114b64a422302cb33a4f62",
}
`;

exports[`lane DC — Summary on the phone (golden, 390 × 844 iOS) /(tabs)/summary, with a job on site today 1`] = `
{
  "lines": 836,
  "sha256": "a34ee4065edce1a4cd803fcd605be88f38d328dd3d87536f6fffcc9195b98cb8",
}
`;
