// Jest Snapshot v1, https://goo.gl/fbAQLP

exports[`lane M2 golden — the phone (390 × 844 iOS) (f) /payments, populated 1`] = `
{
  "lines": 547,
  "sha256": "78030985e6b4ac98ed901e3b9950199611d69bedae677d8e81b7ec22c0f8bebd",
}
`;

exports[`lane M2 golden — the phone (390 × 844 iOS) (g) /payments, Pending then Completed 1`] = `
{
  "lines": 454,
  "sha256": "3a92af1a136e42dee5f0ed883c6e3e3954ad8db45303fea5102f5cce0d1d7a8f",
}
`;

exports[`lane M2 golden — the phone (390 × 844 iOS) (g) /payments, Pending then Completed 2`] = `
{
  "lines": 483,
  "sha256": "f39b6d185a26fcfb3db8e607ec7cf165f6766c6eedcde4c500059b1c1fae5ee4",
}
`;

exports[`lane M2 golden — the phone (390 × 844 iOS) (h) /payments, empty 1`] = `
{
  "lines": 395,
  "sha256": "121c89523efec534c139fdd36364b3bd7f4296896a165afe9477e9ae8647be85",
}
`;

exports[`lane M2 golden — the phone (390 × 844 iOS) (i) /lien-waivers, four waivers 1`] = `
{
  "lines": 736,
  "sha256": "73d9277f947e71bfcaf9f95e0290240937849598e91127554c6c4704aadccf9f",
}
`;

exports[`lane M2 golden — the phone (390 × 844 iOS) (j) /lien-waivers, a failed read with a cache (the stale banner) 1`] = `
{
  "lines": 623,
  "sha256": "9f6cb0b0f0df63870d2c237a0282d91ef919a2f9d23ebd84ea11eecc535999bb",
}
`;

exports[`lane M2 golden — the phone (390 × 844 iOS) (k) /lien-waivers, a failed read without a cache 1`] = `
{
  "lines": 472,
  "sha256": "cd2fa4a9c1ac19f636a593a310a4f9ef91f58b79a5a78bc3cd0b5ca6c8cbccc7",
}
`;

exports[`lane M2 golden — the phone (390 × 844 iOS) (l) /invoice, a draft with 3 lines 1`] = `
{
  "lines": 1034,
  "sha256": "d6fd94200971bc74af1a72c00e0e7fe96716f8d1c81d7ea5580c4c20a438f8b5",
}
`;

exports[`lane M2 golden — the phone (390 × 844 iOS) (m) /invoice, sent with a pay link and a balance (the ONE intended delta) 1`] = `
{
  "lines": 1047,
  "sha256": "a4fbfd1e69fbed15757d5e3233d23a1c1051efb1167fd0045dce00724ddf2537",
}
`;

exports[`lane M2 golden — the phone (390 × 844 iOS) (pq) /prequal-manager, a packet renewing within 30 days (the coi-requote card; intended copy delta) 1`] = `
{
  "lines": 481,
  "sha256": "4bf0ebbf5af512cf1ed90c9d1aae7a309e78cb3aeae6de971e131348ca85f18b",
}
`;
