// Jest Snapshot v1, https://goo.gl/fbAQLP

exports[`lane B3 — the phone is unchanged (golden, 390 × 844 iOS) buyout (five packages: sell basis, savings, overrun, lowest, no bids) 1`] = `
{
  "lines": 1266,
  "sha256": "91bdff3455c8a1e55d18728a4e4ee3d517a113825c304deff43abc600ae4792a",
}
`;

exports[`lane B3 — the phone is unchanged (golden, 390 × 844 iOS) buyout (populated, no packages — the empty branch + the new-package sheet) 1`] = `
{
  "lines": 1084,
  "sha256": "4834dea6efeb20f0b03cef66b00762d86dc886495c0a37ca6e8b0c87cd6edc32",
}
`;

exports[`lane B3 — the phone is unchanged (golden, 390 × 844 iOS) buyout-package: awarded (commitment link + A401) 1`] = `
{
  "lines": 613,
  "sha256": "34b522032fa7ca8e4c5bebf1e6b67efa87c214de832dba68a63fc687cd835ae3",
}
`;

exports[`lane B3 — the phone is unchanged (golden, 390 × 844 iOS) buyout-package: awarded over budget 1`] = `
{
  "lines": 595,
  "sha256": "c594033a75a7a376ae252c1dd27c4a864c98653bc2c84346d3a46190e6d5b5c5",
}
`;

exports[`lane B3 — the phone is unchanged (golden, 390 × 844 iOS) buyout-package: budget at sell (the review warning) 1`] = `
{
  "lines": 729,
  "sha256": "664c632c360450c7177b625c74a2460a4eaaffabebb4b24bcac0cd5eb10e6bd5",
}
`;

exports[`lane B3 — the phone is unchanged (golden, 390 × 844 iOS) buyout-package: no bids, no scope (invite blocked) 1`] = `
{
  "lines": 608,
  "sha256": "7f0bfbf9bf26c9d931827e7c8044b5046803799aacd964a2d27a9db3fe36aa54",
}
`;

exports[`lane B3 — the phone is unchanged (golden, 390 × 844 iOS) buyout-package: not found 1`] = `
{
  "lines": 307,
  "sha256": "2602109192159495f02e5109ed70ece6e7c8d9b0178067db01178376a0f7faf5",
}
`;

exports[`lane B3 — the phone is unchanged (golden, 390 × 844 iOS) buyout-package: open, two bids, scope, overdue (all five sheets) 1`] = `
{
  "lines": 803,
  "sha256": "2ac6c58bd5a55998a70497b3a7dde136a1c652379a489ebbf134d4bf98f7f6e5",
}
`;
