// Jest Snapshot v1, https://goo.gl/fbAQLP

exports[`Z2 golden — the phone is unchanged (390 × 844 iOS) (a) contract with a draft (the Save draft / Sign & send row) 1`] = `
{
  "lines": 972,
  "sha256": "9a6459a0d66b4fbe03e468a4481ca91294161c19c99bbf70d01a3bf8cba6fe71",
}
`;

exports[`Z2 golden — the phone is unchanged (390 × 844 iOS) (b1) daily-report, new report, jobsite 124 Park Slope (wttr answers) 1`] = `
{
  "lines": 1134,
  "sha256": "603e45c1f2d8a6957c3d2acddfc0bf9e7d0fcf2ed788faa3ecfc574ac4cddf12",
}
`;

exports[`Z2 golden — the phone is unchanged (390 × 844 iOS) (b2) daily-report, new report, location 'United States' 1`] = `
{
  "lines": 1132,
  "sha256": "cca07fdf28f6f34817c4c575571bad7a3b176ecacb5debc2944551580e6b0d48",
}
`;

exports[`Z2 golden — the phone is unchanged (390 × 844 iOS) (c1) construction-ai, tier enterprise (Code Check) 1`] = `
{
  "lines": 748,
  "sha256": "f8d4885aad48f8404a7c78a495c0fdbf3b3d74a72a551ae8f855ec6d8b743f42",
}
`;

exports[`Z2 golden — the phone is unchanged (390 × 844 iOS) (c2) construction-ai, tier enterprise (Project Roadmap) 1`] = `
{
  "lines": 724,
  "sha256": "e9802a9aa040ee01cb73109b2d366f5b23acfcf458b73e87834343b092a45ea3",
}
`;

exports[`Z2 golden — the phone is unchanged (390 × 844 iOS) (c3) construction-ai, tier pro (Code Check) 1`] = `
{
  "lines": 751,
  "sha256": "711f70ce09cd85897834bc0f5f0055f6843e0c6a25b0b0e72679bc1803b6ad16",
}
`;

exports[`Z2 golden — the phone is unchanged (390 × 844 iOS) (d) onboarding-paywall 1`] = `
{
  "lines": 466,
  "sha256": "294c8166274a8a39e6baa76e3dedd9781002447090afc2cc3c267b7bbd104a1b",
}
`;

exports[`Z2 golden — the phone is unchanged (390 × 844 iOS) (e) dev-ar-measure 1`] = `
{
  "lines": 1907,
  "sha256": "63d765bcc210a49a33cd79e70413cdab83f24d125a76dbca6e1a26cb271a0db6",
}
`;

exports[`Z2 golden — the phone is unchanged (390 × 844 iOS) (f) WeatherRescheduleModal, fully simulated, mounted alone 1`] = `
{
  "lines": 80,
  "sha256": "be1e207a83a896da567adf6d4eb619d7ce4c8146b3e9ca08c6ed629b5d8eff0a",
}
`;
