// Jest Snapshot v1, https://goo.gl/fbAQLP

exports[`lane V2 — the phone is unchanged (golden, 390 × 844 iOS) LivingFloorPlan (GC, editable) 1`] = `
{
  "lines": 63,
  "sha256": "e395ba914d26370991ceb85f7ab91d4f8309744d1c045ad2f242569df7be242b",
}
`;

exports[`lane V2 — the phone is unchanged (golden, 390 × 844 iOS) PlanZoneEditor (both sheets rendered, the zone sheet opened on Kitchen) 1`] = `
{
  "lines": 84,
  "sha256": "b6935d50cc0a9e444864b01784f8c01913ccf79c1ab438565ff6370bfb63db21",
}
`;

exports[`lane V2 — the phone is unchanged (golden, 390 × 844 iOS) ScheduleRowMenu (no anchor: the bottom sheet) 1`] = `
{
  "lines": 16,
  "sha256": "ce9432e5302bf8c03fb5af51a821f20da564662b79d08b4751a400b3b4e6a057",
}
`;

exports[`lane V2 — the phone is unchanged (golden, 390 × 844 iOS) SchedulerMenuBar (the bar, then Track opened) 1`] = `
{
  "lines": 83,
  "sha256": "b62603322d8edcc5a38fa219fcd5baff1a1fbd5778c882f2051e5424bdd5d196",
}
`;

exports[`lane V2 — the phone is unchanged (golden, 390 × 844 iOS) TaskInspector (embedded false), the trade picker opened through its button 1`] = `
{
  "lines": 254,
  "sha256": "ab96ae86a39802ab63dd2221c6bb26eda11fb37681227abf70428043d8bd0064",
}
`;
