// Jest Snapshot v1, https://goo.gl/fbAQLP

exports[`lane M1 — the phone is unchanged except the named deltas (golden, 390 × 844 iOS) (a) /aia-pay-app, a fresh progress period: an editable draft, one line over-billed, one with stored material 1`] = `
{
  "lines": 1210,
  "sha256": "38a03bbe018b32ea17eb4d681c399c7e429c50fe1029f7710c6e390e059a4173",
}
`;

exports[`lane M1 — the phone is unchanged except the named deltas (golden, 390 × 844 iOS) (b) /aia-pay-app, the saved record: review mode, read-only 1`] = `
{
  "lines": 850,
  "sha256": "7859b6eeb2fdd69468170aaacdde9cc0e2b49f4b907cc7eb641046f348ba07da",
}
`;

exports[`lane M1 — the phone is unchanged except the named deltas (golden, 390 × 844 iOS) (c) /aia-pay-app, the saved record with a pay link: locked 1`] = `
{
  "lines": 853,
  "sha256": "578b61b62004f8a741164f500e667171d9e0a3b95376cbc903d32b375803b0d6",
}
`;

exports[`lane M1 — the phone is unchanged except the named deltas (golden, 390 × 844 iOS) (d) /change-order, a draft with a needs_price and an ai_estimated line 1`] = `
{
  "lines": 2027,
  "sha256": "327d35c473a66fd06819000ae01f0a39e7ae7b96ec3696f43f1e6a0397700bf1",
}
`;

exports[`lane M1 — the phone is unchanged except the named deltas (golden, 390 × 844 iOS) (e) /change-order, an approved CO: locked 1`] = `
{
  "lines": 992,
  "sha256": "f4efb5243ffc1f9af6e85a302b0f27de2857488dffa390d2129dc715c789c951",
}
`;
