// Jest Snapshot v1, https://goo.gl/fbAQLP

exports[`lane M1 — the phone is unchanged except the named deltas (golden, 390 × 844 iOS) (a) /aia-pay-app, a fresh progress period: an editable draft, one line over-billed, one with stored material 1`] = `
{
  "lines": 1216,
  "sha256": "2dd9b828cef75e3cba2bbebdbabc09d664c556706f798aff24563708f68028bc",
}
`;

exports[`lane M1 — the phone is unchanged except the named deltas (golden, 390 × 844 iOS) (b) /aia-pay-app, the saved record: review mode, read-only 1`] = `
{
  "lines": 856,
  "sha256": "0f7dbb20507fda31bc3691c366426190ef73bd80c4fc26c9f4ca8e7462da1f43",
}
`;

exports[`lane M1 — the phone is unchanged except the named deltas (golden, 390 × 844 iOS) (c) /aia-pay-app, the saved record with a pay link: locked 1`] = `
{
  "lines": 859,
  "sha256": "3ec8031823640b2edf326324007b07878a8b67ade10ab32559411e037b553fe4",
}
`;

exports[`lane M1 — the phone is unchanged except the named deltas (golden, 390 × 844 iOS) (d) /change-order, a draft with a needs_price and an ai_estimated line 1`] = `
{
  "lines": 2033,
  "sha256": "13b2245e9462de37f08d55dd1bac8ea0b7548d9a9b187a719f605f9524dfd142",
}
`;

exports[`lane M1 — the phone is unchanged except the named deltas (golden, 390 × 844 iOS) (e) /change-order, an approved CO: locked 1`] = `
{
  "lines": 998,
  "sha256": "5c4ae7a3151e8e8f8c02891bb10c713cf185fc8f645fba72600f0bf9f7163a77",
}
`;
