// Jest Snapshot v1, https://goo.gl/fbAQLP

exports[`lane V2 — the phone is unchanged (golden, 390 × 844 iOS) LivingFloorPlan (GC, editable) 1`] = `
{
  "lines": 63,
  "sha256": "7fca24667df1aee9bf6b850501ee75c0139d07c19bb0f93811fbbce8c1e04b06",
}
`;

exports[`lane V2 — the phone is unchanged (golden, 390 × 844 iOS) PlanZoneEditor (both sheets rendered, the zone sheet opened on Kitchen) 1`] = `
{
  "lines": 84,
  "sha256": "eaf96e8426aed3976f2de0ebf49aab2c6bbf8eef994559c3053fad567ae28386",
}
`;

exports[`lane V2 — the phone is unchanged (golden, 390 × 844 iOS) ScheduleRowMenu (no anchor: the bottom sheet) 1`] = `
{
  "lines": 16,
  "sha256": "33ceb43561961fc15f7754dd2e5b2b5f919fab6b83fb84b0c9ea0439a637f0b9",
}
`;

exports[`lane V2 — the phone is unchanged (golden, 390 × 844 iOS) SchedulerMenuBar (the bar, then Track opened) 1`] = `
{
  "lines": 83,
  "sha256": "4f9d53d506f9746523ab6bb47865781ce7a45e1b592da98cde1b1f009dd33723",
}
`;

exports[`lane V2 — the phone is unchanged (golden, 390 × 844 iOS) TaskInspector (embedded false), the trade picker opened through its button 1`] = `
{
  "lines": 254,
  "sha256": "079f07c9c78ed26283b831cd779c0ee8efb7369106db79c0e5ee69d158117f63",
}
`;
